src/components/reports/ReportDisplay.tsx(517,47): error TS7006: Parameter 'loc' implicitly has an 'any' type.
src/components/reports/ReportDisplay.tsx(519,56): error TS7006: Parameter 'balance' implicitly has an 'any' type.
src/components/reports/ReportDisplay.tsx(520,58): error TS2339: Property 'code' does not exist on type '{}'.
src/components/reports/ReportDisplay.tsx(547,41): error TS7006: Parameter 'sum' implicitly has an 'any' type.
src/components/reports/ReportDisplay.tsx(547,46): error TS7006: Parameter 'b' implicitly has an 'any' type.
src/components/reports/ReportDisplay.tsx(653,34): error TS7006: Parameter 'm' implicitly has an 'any' type.
src/components/reports/ReportDisplay.tsx(657,15): error TS7006: Parameter 'balance' implicitly has an 'any' type.
src/components/reports/ReportDisplay.tsx(666,28): error TS7006: Parameter 'item' implicitly has an 'any' type.
src/components/reports/ReportDisplay.tsx(686,33): error TS7006: Parameter 'movement' implicitly has an 'any' type.
src/components/reports/ReportDisplay.tsx(715,22): error TS7006: Parameter 'balance' implicitly has an 'any' type.
src/components/reports/ReportDisplay.tsx(759,48): error TS2339: Property 'length' does not exist on type 'PaginatedResponse<Location>'.
src/pages/DailySalesReport.tsx(111,28): error TS2339: Property 'filter' does not exist on type 'PaginatedResponse<Location>'.
src/pages/DailySalesReport.tsx(111,35): error TS7006: Parameter 'l' implicitly has an 'any' type.
src/pages/DesignApprovals.tsx(75,36): error TS2339: Property 'filter' does not exist on type 'PaginatedResponse<Location>'.
src/pages/InventoryHealth.tsx(114,32): error TS2339: Property 'filter' does not exist on type 'PaginatedResponse<Location>'.
src/pages/MonthlyMarginReport.tsx(52,71): error TS2339: Property 'filter' does not exist on type 'PaginatedResponse<Location>'.
src/pages/MonthlyMarginReport.tsx(52,78): error TS7006: Parameter 'l' implicitly has an 'any' type.
src/pages/POSCheckout.tsx(166,41): error TS2339: Property 'filter' does not exist on type 'PaginatedResponse<Location>'.
src/pages/POSCheckout.tsx(166,48): error TS7006: Parameter 'loc' implicitly has an 'any' type.
src/pages/ProductionOrders.tsx(147,21): error TS2345: Argument of type 'PaginatedResponse<SKU>' is not assignable to parameter of type 'SetStateAction<SKU[]>'.
src/pages/ProductionOrders.tsx(148,26): error TS2345: Argument of type 'PaginatedResponse<Location>' is not assignable to parameter of type 'SetStateAction<Location[]>'.
src/pages/WeeklyStockReport.tsx(38,71): error TS2339: Property 'filter' does not exist on type 'PaginatedResponse<Location>'.
src/pages/WeeklyStockReport.tsx(38,78): error TS7006: Parameter 'l' implicitly has an 'any' type.
src/services/inventory.service.ts(2,10): error TS2459: Module '"./mdm.service"' declares 'PaginatedResponse' locally, but it is not exported.
src/services/mdm.service.ts(1,15): error TS6133: 'extractListData' is declared but its value is never read.
